// Jest Snapshot v1, https://goo.gl/fbAQLP

exports[`LiveMatches renders correctly child component Match 1`] = `
<div
  className="match"
>
  <div
    className="score"
  >
    2 - 7
  </div>
  <div
    className="team-container"
  >
    <img
      alt="some sport that we don't have icon for"
      src="defaultIcon.png"
    />
     
    Test Team #2
     
    -
     
    Test Team #1
  </div>
  <div
    className="date"
  >
    No date
  </div>
  <Button
    liveEventUrl="https://www.unibet.com/betting#/event/live/undefined"
    send={[Function]}
  />
</div>
`;

exports[`LiveMatches should render LiveMatches component with children 1`] = `
<div
  id="content"
>
  <article>
    <h1>
      Live matches
    </h1>
    <p
      className="preamble"
    >
      Here is a list of matches that are live right now.
    </p>
    <aside>
      <h2>
        Live betting
      </h2>
      <p>
        Place your bets as the action unfolds. We offer a wide selection of live betting events and you can place both single and combination bets.
      </p>
      <p>
        You will be able to see an in-play scoreboard with the current result and match stats, while on selected events you will also be able to watch the action live with Unibet TV on the desktop site.
      </p>
    </aside>
    <div
      id="live-matches"
    >
      <div
        className="slick-slider slick-initialized"
        dir="ltr"
      >
        <button
          className="slick-arrow slick-prev"
          data-role="none"
          onClick={[Function]}
          style={
            Object {
              "display": "block",
            }
          }
          type="button"
        >
           
          Previous
        </button>
        <div
          className="slick-list"
          onClick={[Function]}
          onKeyDown={[Function]}
          onMouseDown={[Function]}
          onMouseLeave={null}
          onMouseMove={null}
          onMouseUp={[Function]}
          onTouchCancel={null}
          onTouchEnd={[Function]}
          onTouchMove={null}
          onTouchStart={[Function]}
          style={Object {}}
        >
          <div
            className="slick-track"
            onMouseEnter={[Function]}
            onMouseLeave={[Function]}
            onMouseOver={[Function]}
            style={
              Object {
                "WebkitTransform": "translate3d(0px, 0px, 0px)",
                "WebkitTransition": "",
                "msTransform": "translateX(0px)",
                "opacity": 1,
                "transform": "translate3d(0px, 0px, 0px)",
                "transition": "",
              }
            }
          >
            <div
              aria-hidden={true}
              className="slick-slide slick-cloned"
              data-index={-1}
              onClick={[Function]}
              style={
                Object {
                  "width": 0,
                }
              }
              tabIndex="-1"
            >
              <div>
                <div
                  className="error"
                >
                  <div />
                </div>
              </div>
            </div>
            <div
              aria-hidden={false}
              className="slick-slide slick-active slick-current"
              data-index={0}
              onClick={[Function]}
              style={
                Object {
                  "outline": "none",
                  "width": 0,
                }
              }
              tabIndex="-1"
            >
              <div>
                <div
                  className="loading"
                >
                  <div>
                    Loading...
                  </div>
                </div>
              </div>
            </div>
            <div
              aria-hidden={true}
              className="slick-slide"
              data-index={1}
              onClick={[Function]}
              style={
                Object {
                  "outline": "none",
                  "width": 0,
                }
              }
              tabIndex="-1"
            >
              <div>
                <div
                  className="error"
                >
                  <div />
                </div>
              </div>
            </div>
            <div
              aria-hidden={true}
              className="slick-slide slick-cloned"
              data-index={2}
              onClick={[Function]}
              style={
                Object {
                  "width": 0,
                }
              }
              tabIndex="-1"
            >
              <div>
                <div
                  className="loading"
                >
                  <div>
                    Loading...
                  </div>
                </div>
              </div>
            </div>
            <div
              aria-hidden={true}
              className="slick-slide slick-cloned"
              data-index={3}
              onClick={[Function]}
              style={
                Object {
                  "width": 0,
                }
              }
              tabIndex="-1"
            >
              <div>
                <div
                  className="error"
                >
                  <div />
                </div>
              </div>
            </div>
          </div>
        </div>
        <button
          className="slick-arrow slick-next"
          data-role="none"
          onClick={[Function]}
          style={
            Object {
              "display": "block",
            }
          }
          type="button"
        >
           
          Next
        </button>
      </div>
    </div>
  </article>
</div>
`;
